[debug] [2026-08-01T06:54:35.124Z] ----------------------------------------------------------------------
[debug] [2026-08-01T06:54:35.128Z] Command:       C:\Program Files\nodejs\node.exe C:\Users\DELL USER\AppData\Roaming\npm\node_modules\firebase-tools\lib\bin\firebase.js login --no-localhost
[debug] [2026-08-01T06:54:35.129Z] CLI Version:   14.17.0
[debug] [2026-08-01T06:54:35.129Z] Platform:      win32
[debug] [2026-08-01T06:54:35.129Z] Node Version:  v20.16.0
[debug] [2026-08-01T06:54:35.130Z] Time:          Sat Aug 01 2026 12:24:35 GMT+0530 (India Standard Time)
[debug] [2026-08-01T06:54:35.130Z] ----------------------------------------------------------------------
[debug] 
[error] 
[error] Error: Cannot run login in non-interactive mode. See login:ci to generate a token for use in non-interactive environments.
[debug] [2026-08-01T06:54:36.214Z] Error: EBUSY: resource busy or locked, unlink 'C:\Users\DELL USER\OneDrive\Desktop\svpuat\firebase-debug.log'
    at Object.unlinkSync (node:fs:1884:11)
    at process.<anonymous> (C:\Users\DELL USER\AppData\Roaming\npm\node_modules\firebase-tools\lib\bin\cli.js:44:16)
    at process.emit (node:events:531:35)
    at process.exit (node:internal/process/per_thread:185:15)
    at Timeout._onTimeout (C:\Users\DELL USER\AppData\Roaming\npm\node_modules\firebase-tools\lib\errorOut.js:20:17)
    at listOnTimeout (node:internal/timers:581:17)
    at process.processTimers (node:internal/timers:519:7)
[error] 
[error] Error: An unexpected error has occurred.
